#
# There is insufficient memory for the Java Runtime Environment to continue.
# Native memory allocation (malloc) failed to allocate 240736 bytes. Error detail: Chunk::new
# Possible reasons:
#   The system is out of physical RAM or swap space
#   This process is running with CompressedOops enabled, and the Java Heap may be blocking the growth of the native heap
# Possible solutions:
#   Reduce memory load on the system
#   Increase physical memory or swap space
#   Check if swap backing store is full
#   Decrease Java heap size (-Xmx/-Xms)
#   Decrease number of Java threads
#   Decrease Java thread stack sizes (-Xss)
#   Set larger code cache with -XX:ReservedCodeCacheSize=
#   JVM is running with Unscaled Compressed Oops mode in which the Java heap is
#     placed in the first 4GB address space. The Java Heap base address is the
#     maximum limit for the native heap growth. Please use -XX:HeapBaseMinAddress
#     to set the Java Heap base and to place the Java Heap above 4GB virtual address.
# This output file may be truncated or incomplete.
#
#  Out of Memory Error (arena.cpp:168), pid=9492, tid=2676
#
# JRE version: OpenJDK Runtime Environment Temurin-21.0.10+7 (21.0.10+7) (build 21.0.10+7-LTS)
# Java VM: OpenJDK 64-Bit Server VM Temurin-21.0.10+7 (21.0.10+7-LTS, mixed mode, sharing, tiered, compressed oops, compressed class ptrs, parallel gc, windows-amd64)
# No core dump will be written. Minidumps are not enabled by default on client versions of Windows
#

---------------  S U M M A R Y ------------

Command Line: --add-modules=ALL-SYSTEM --add-opens=java.base/java.util=ALL-UNNAMED --add-opens=java.base/java.lang=ALL-UNNAMED --add-opens=java.base/sun.nio.fs=ALL-UNNAMED -Declipse.application=org.eclipse.jdt.ls.core.id1 -Dosgi.bundles.defaultStartLevel=4 -Declipse.product=org.eclipse.jdt.ls.core.product -Djava.import.generatesMetadataFilesAtProjectRoot=false -DDetectVMInstallationsJob.disabled=true -Dfile.encoding=utf8 -XX:+UseParallelGC -XX:GCTimeRatio=4 -XX:AdaptiveSizePolicyWeight=90 -Dsun.zip.disableMemoryMapping=true -Xmx2G -Xms100m -Xlog:disable -javaagent:c:\Users\Yash_Savalkar\.antigravity\extensions\redhat.java-1.54.0-win32-x64\lombok\lombok-1.18.39-4050.jar -XX:+HeapDumpOnOutOfMemoryError -XX:HeapDumpPath=c:\Users\Yash_Savalkar\AppData\Roaming\Antigravity\User\workspaceStorage\dbd9d6752ff466593a87a083629a4dc6\redhat.java -Daether.dependencyCollector.impl=bf c:\Users\Yash_Savalkar\.antigravity\extensions\redhat.java-1.54.0-win32-x64\server\plugins\org.eclipse.equinox.launcher_1.7.100.v20251111-0406.jar -configuration c:\Users\Yash_Savalkar\AppData\Roaming\Antigravity\User\globalStorage\redhat.java\1.54.0\config_win -data c:\Users\Yash_Savalkar\AppData\Roaming\Antigravity\User\workspaceStorage\dbd9d6752ff466593a87a083629a4dc6\redhat.java\jdt_ws --pipe=\\.\pipe\lsp-86ac258a2486edecf7eb5bbbf12798bb-sock

Host: AMD Ryzen 5 7535HS with Radeon Graphics        , 12 cores, 7G,  Windows 11 , 64 bit Build 26100 (10.0.26100.8246)
Time: Fri May  8 18:48:28 2026 India Standard Time elapsed time: 2.935771 seconds (0d 0h 0m 2s)

---------------  T H R E A D  ---------------

Current thread (0x000001d9aa9ae7e0):  JavaThread "C2 CompilerThread0" daemon [_thread_in_native, id=2676, stack(0x0000003fe2b00000,0x0000003fe2c00000) (1024K)]


Current CompileTask:
C2:2935 1764       4       java.io.WinNTFileSystem::normalize (224 bytes)

Stack: [0x0000003fe2b00000,0x0000003fe2c00000]
Native frames: (J=compiled Java code, j=interpreted, Vv=VM code, C=native code)
V  [jvm.dll+0x6d7a39]
V  [jvm.dll+0x8b4b26]
V  [jvm.dll+0x8b70de]
V  [jvm.dll+0x8b77c3]
V  [jvm.dll+0x284346]
V  [jvm.dll+0xc66ed]
V  [jvm.dll+0xc6c31]
V  [jvm.dll+0x2fb29e]
V  [jvm.dll+0x5fe884]
V  [jvm.dll+0x255b17]
V  [jvm.dll+0x24dc0b]
V  [jvm.dll+0x24ba42]
V  [jvm.dll+0x1cb34e]
V  [jvm.dll+0x25b85d]
V  [jvm.dll+0x259dea]
V  [jvm.dll+0x3f857e]
V  [jvm.dll+0x85f59d]
V  [jvm.dll+0x6d626d]
C  [ucrtbase.dll+0x37b0]
C  [KERNEL32.DLL+0x2e8d7]
C  [ntdll.dll+0x8c3fc]


---------------  P R O C E S S  ---------------

Threads class SMR info:
_java_thread_list=0x000001da090222c0, length=12, elements={
0x000001d9aa900a50, 0x000001d9aa8ae890, 0x000001d9aa9a5cc0, 0x000001d9aa9a91e0,
0x000001d9aa9aa0d0, 0x000001d9aa9aab30, 0x000001d9aa9ab590, 0x000001d9aa9ae7e0,
0x000001d9aa9b9c80, 0x000001da03872cf0, 0x000001da038dd2f0, 0x000001da04e0fcf0
}

Java Threads: ( => current thread )
  0x000001d9aa900a50 JavaThread "main"                              [_thread_in_native, id=14016, stack(0x0000003fe2100000,0x0000003fe2200000) (1024K)]
  0x000001d9aa8ae890 JavaThread "Reference Handler"          daemon [_thread_blocked, id=26772, stack(0x0000003fe2500000,0x0000003fe2600000) (1024K)]
  0x000001d9aa9a5cc0 JavaThread "Finalizer"                  daemon [_thread_blocked, id=17080, stack(0x0000003fe2600000,0x0000003fe2700000) (1024K)]
  0x000001d9aa9a91e0 JavaThread "Signal Dispatcher"          daemon [_thread_blocked, id=11792, stack(0x0000003fe2700000,0x0000003fe2800000) (1024K)]
  0x000001d9aa9aa0d0 JavaThread "Attach Listener"            daemon [_thread_blocked, id=17464, stack(0x0000003fe2800000,0x0000003fe2900000) (1024K)]
  0x000001d9aa9aab30 JavaThread "Service Thread"             daemon [_thread_blocked, id=17504, stack(0x0000003fe2900000,0x0000003fe2a00000) (1024K)]
  0x000001d9aa9ab590 JavaThread "Monitor Deflation Thread"   daemon [_thread_blocked, id=2104, stack(0x0000003fe2a00000,0x0000003fe2b00000) (1024K)]
=>0x000001d9aa9ae7e0 JavaThread "C2 CompilerThread0"         daemon [_thread_in_native, id=2676, stack(0x0000003fe2b00000,0x0000003fe2c00000) (1024K)]
  0x000001d9aa9b9c80 JavaThread "C1 CompilerThread0"         daemon [_thread_blocked, id=16068, stack(0x0000003fe2c00000,0x0000003fe2d00000) (1024K)]
  0x000001da03872cf0 JavaThread "Common-Cleaner"             daemon [_thread_blocked, id=4604, stack(0x0000003fe2d00000,0x0000003fe2e00000) (1024K)]
  0x000001da038dd2f0 JavaThread "Notification Thread"        daemon [_thread_blocked, id=21532, stack(0x0000003fe2f00000,0x0000003fe3000000) (1024K)]
  0x000001da04e0fcf0 JavaThread "Active Thread: Equinox Container: 2dbb9923-9bf0-42ae-b9da-9cd2a528647f"        [_thread_blocked, id=3588, stack(0x0000003fe3600000,0x0000003fe3700000) (1024K)]
Total: 12

Other Threads:
  0x000001d9aa893860 VMThread "VM Thread"                           [id=26780, stack(0x0000003fe2400000,0x0000003fe2500000) (1024K)]
  0x000001d9aa78ca00 WatcherThread "VM Periodic Task Thread"        [id=16108, stack(0x0000003fe2300000,0x0000003fe2400000) (1024K)]
  0x000001d9aa9210d0 WorkerThread "GC Thread#0"                     [id=24284, stack(0x0000003fe2200000,0x0000003fe2300000) (1024K)]
  0x000001da04920500 WorkerThread "GC Thread#1"                     [id=8696, stack(0x0000003fe3000000,0x0000003fe3100000) (1024K)]
  0x000001da049f1d50 WorkerThread "GC Thread#2"                     [id=23740, stack(0x0000003fe3100000,0x0000003fe3200000) (1024K)]
  0x000001da049f2100 WorkerThread "GC Thread#3"                     [id=17420, stack(0x0000003fe3200000,0x0000003fe3300000) (1024K)]
  0x000001da04a1a770 WorkerThread "GC Thread#4"                     [id=25084, stack(0x0000003fe3300000,0x0000003fe3400000) (1024K)]
  0x000001da04a1ab20 WorkerThread "GC Thread#5"                     [id=26836, stack(0x0000003fe3400000,0x0000003fe3500000) (1024K)]
  0x000001da04a1aed0 WorkerThread "GC Thread#6"                     [id=7480, stack(0x0000003fe3500000,0x0000003fe3600000) (1024K)]
Total: 9

Threads with active compile tasks:
C2 CompilerThread0  2982 1764       4       java.io.WinNTFileSystem::normalize (224 bytes)
Total: 1

VM state: not at safepoint (normal execution)

VM Mutex/Monitor currently owned by a thread: None

Heap address: 0x0000000080000000, size: 2048 MB, Compressed Oops mode: 32-bit

CDS archive(s) mapped at: [0x000001d9c2000000-0x000001d9c2ba0000-0x000001d9c2ba0000), size 12189696, SharedBaseAddress: 0x000001d9c2000000, ArchiveRelocationMode: 1.
Compressed class space mapped at: 0x000001d9c3000000-0x000001da03000000, reserved size: 1073741824
Narrow klass base: 0x000001d9c2000000, Narrow klass shift: 0, Narrow klass range: 0x100000000

GC Precious Log:
 CardTable entry size: 512
 CPUs: 12 total, 12 available
 Memory: 7381M
 Large Page Support: Disabled
 NUMA Support: Disabled
 Compressed Oops: Enabled (32-bit)
 Alignments: Space 512K, Generation 512K, Heap 2M
 Heap Min Capacity: 100M
 Heap Initial Capacity: 100M
 Heap Max Capacity: 2G
 Pre-touch: Disabled
 Parallel Workers: 10

Heap:
 PSYoungGen      total 29696K, used 28204K [0x00000000d5580000, 0x00000000d7680000, 0x0000000100000000)
  eden space 25600K, 97% used [0x00000000d5580000,0x00000000d6dd53c8,0x00000000d6e80000)
  from space 4096K, 80% used [0x00000000d6e80000,0x00000000d71b5ea8,0x00000000d7280000)
  to   space 4096K, 0% used [0x00000000d7280000,0x00000000d7280000,0x00000000d7680000)
 ParOldGen       total 68608K, used 16K [0x0000000080000000, 0x0000000084300000, 0x00000000d5580000)
  object space 68608K, 0% used [0x0000000080000000,0x0000000080004000,0x0000000084300000)
 Metaspace       used 7955K, committed 8192K, reserved 1114112K
  class space    used 830K, committed 960K, reserved 1048576K

Card table byte_map: [0x000001d9aa2a0000,0x000001d9aa6b0000] _byte_map_base: 0x000001d9a9ea0000

Marking Bits: (ParMarkBitMap*) 0x00007ffa48c23450
 Begin Bits: [0x000001d9bcdb0000, 0x000001d9bedb0000)
 End Bits:   [0x000001d9bedb0000, 0x000001d9c0db0000)

Polling page: 0x000001d9a8730000

Metaspace:

Usage:
  Non-class:      6.96 MB used.
      Class:    830.74 KB used.
       Both:      7.77 MB used.

Virtual space:
  Non-class space:       64.00 MB reserved,       7.06 MB ( 11%) committed,  1 nodes.
      Class space:        1.00 GB reserved,     960.00 KB ( <1%) committed,  1 nodes.
             Both:        1.06 GB reserved,       8.00 MB ( <1%) committed. 

Chunk freelists:
   Non-Class:  8.83 MB
       Class:  14.91 MB
        Both:  23.73 MB

MaxMetaspaceSize: unlimited
CompressedClassSpaceSize: 1.00 GB
Initial GC threshold: 21.00 MB
Current GC threshold: 21.00 MB
CDS: on
 - commit_granule_bytes: 65536.
 - commit_granule_words: 8192.
 - virtual_space_node_default_size: 8388608.
 - enlarge_chunks_in_place: 1.
 - use_allocation_guard: 0.


Internal statistics:

num_allocs_failed_limit: 0.
num_arena_births: 228.
num_arena_deaths: 0.
num_vsnodes_births: 2.
num_vsnodes_deaths: 0.
num_space_committed: 128.
num_space_uncommitted: 0.
num_chunks_returned_to_freelist: 0.
num_chunks_taken_from_freelist: 418.
num_chunk_merges: 0.
num_chunk_splits: 271.
num_chunks_enlarged: 178.
num_inconsistent_stats: 0.

CodeHeap 'non-profiled nmethods': size=120000Kb used=741Kb max_used=741Kb free=119258Kb
 bounds [0x000001d9b55d0000, 0x000001d9b5840000, 0x000001d9bcb00000]
CodeHeap 'profiled nmethods': size=120000Kb used=3167Kb max_used=3167Kb free=116832Kb
 bounds [0x000001d9adb00000, 0x000001d9ade20000, 0x000001d9b5030000]
CodeHeap 'non-nmethods': size=5760Kb used=1218Kb max_used=1236Kb free=4541Kb
 bounds [0x000001d9b5030000, 0x000001d9b52a0000, 0x000001d9b55d0000]
CodeCache: size=245760Kb, used=5126Kb, max_used=5144Kb, free=240631Kb
 total_blobs=2246, nmethods=1763, adapters=390, full_count=0
Compilation: enabled, stopped_count=0, restarted_count=0

Compilation events (20 events):
Event: 2.519 Thread 0x000001d9aa9b9c80 1756   !   3       java.util.zip.ZipFile$CleanableResource::getInflater (47 bytes)
Event: 2.520 Thread 0x000001d9aa9b9c80 nmethod 1756 0x000001d9ade12690 code [0x000001d9ade12880, 0x000001d9ade12d90]
Event: 2.535 Thread 0x000001da038e1d80 nmethod 1721 0x000001d9b5687c90 code [0x000001d9b5687e80, 0x000001d9b56889c8]
Event: 2.548 Thread 0x000001d9aa9b9c80 1757   !   3       java.net.URL::getURLStreamHandler (191 bytes)
Event: 2.549 Thread 0x000001d9aa9b9c80 nmethod 1757 0x000001d9ade12f90 code [0x000001d9ade13240, 0x000001d9ade14068]
Event: 2.549 Thread 0x000001d9aa9b9c80 1758       3       java.lang.Character::isLetter (5 bytes)
Event: 2.549 Thread 0x000001d9aa9b9c80 nmethod 1758 0x000001d9ade14510 code [0x000001d9ade146e0, 0x000001d9ade149f0]
Event: 2.549 Thread 0x000001d9aa9b9c80 1759       3       java.lang.Character::isLetter (18 bytes)
Event: 2.549 Thread 0x000001d9aa9b9c80 nmethod 1759 0x000001d9ade14b10 code [0x000001d9ade14ce0, 0x000001d9ade14f88]
Event: 2.581 Thread 0x000001d9aa9b9c80 1760       3       java.lang.StringBuilder::append (10 bytes)
Event: 2.582 Thread 0x000001d9aa9b9c80 nmethod 1760 0x000001d9ade15090 code [0x000001d9ade15240, 0x000001d9ade15390]
Event: 2.582 Thread 0x000001d9aa9b9c80 1761       3       java.lang.AbstractStringBuilder::append (67 bytes)
Event: 2.582 Thread 0x000001d9aa9b9c80 nmethod 1761 0x000001d9ade15490 code [0x000001d9ade156a0, 0x000001d9ade15d20]
Event: 2.582 Thread 0x000001d9aa9b9c80 1762       3       java.util.StringTokenizer::<init> (8 bytes)
Event: 2.583 Thread 0x000001d9aa9b9c80 nmethod 1762 0x000001d9ade15f10 code [0x000001d9ade160c0, 0x000001d9ade16200]
Event: 2.919 Thread 0x000001d9aa9b9c80 1763       3       java.net.URL::isValidProtocol (78 bytes)
Event: 2.921 Thread 0x000001d9aa9ae7e0 1764       4       java.io.WinNTFileSystem::normalize (224 bytes)
Event: 2.921 Thread 0x000001d9aa9b9c80 nmethod 1763 0x000001d9ade16290 code [0x000001d9ade165a0, 0x000001d9ade177d8]
Event: 2.922 Thread 0x000001d9aa9b9c80 1765       1       sun.nio.fs.NativeBuffer::address (5 bytes)
Event: 2.922 Thread 0x000001d9aa9b9c80 nmethod 1765 0x000001d9b5689290 code [0x000001d9b5689420, 0x000001d9b56894e8]

GC Heap History (2 events):
Event: 1.303 GC heap before
{Heap before GC invocations=1 (full 0):
 PSYoungGen      total 29696K, used 25600K [0x00000000d5580000, 0x00000000d7680000, 0x0000000100000000)
  eden space 25600K, 100% used [0x00000000d5580000,0x00000000d6e80000,0x00000000d6e80000)
  from space 4096K, 0% used [0x00000000d7280000,0x00000000d7280000,0x00000000d7680000)
  to   space 4096K, 0% used [0x00000000d6e80000,0x00000000d6e80000,0x00000000d7280000)
 ParOldGen       total 68608K, used 0K [0x0000000080000000, 0x0000000084300000, 0x00000000d5580000)
  object space 68608K, 0% used [0x0000000080000000,0x0000000080000000,0x0000000084300000)
 Metaspace       used 4335K, committed 4608K, reserved 1114112K
  class space    used 474K, committed 576K, reserved 1048576K
}
Event: 1.313 GC heap after
{Heap after GC invocations=1 (full 0):
 PSYoungGen      total 29696K, used 3287K [0x00000000d5580000, 0x00000000d7680000, 0x0000000100000000)
  eden space 25600K, 0% used [0x00000000d5580000,0x00000000d5580000,0x00000000d6e80000)
  from space 4096K, 80% used [0x00000000d6e80000,0x00000000d71b5ea8,0x00000000d7280000)
  to   space 4096K, 0% used [0x00000000d7280000,0x00000000d7280000,0x00000000d7680000)
 ParOldGen       total 68608K, used 16K [0x0000000080000000, 0x0000000084300000, 0x00000000d5580000)
  object space 68608K, 0% used [0x0000000080000000,0x0000000080004000,0x0000000084300000)
 Metaspace       used 4335K, committed 4608K, reserved 1114112K
  class space    used 474K, committed 576K, reserved 1048576K
}

Dll operation events (8 events):
Event: 0.019 Loaded shared library c:\Users\Yash_Savalkar\.antigravity\extensions\redhat.java-1.54.0-win32-x64\jre\21.0.10-win32-x86_64\bin\java.dll
Event: 0.157 Loaded shared library c:\Users\Yash_Savalkar\.antigravity\extensions\redhat.java-1.54.0-win32-x64\jre\21.0.10-win32-x86_64\bin\zip.dll
Event: 0.201 Loaded shared library C:\Users\Yash_Savalkar\.antigravity\extensions\redhat.java-1.54.0-win32-x64\jre\21.0.10-win32-x86_64\bin\instrument.dll
Event: 0.210 Loaded shared library C:\Users\Yash_Savalkar\.antigravity\extensions\redhat.java-1.54.0-win32-x64\jre\21.0.10-win32-x86_64\bin\net.dll
Event: 0.215 Loaded shared library C:\Users\Yash_Savalkar\.antigravity\extensions\redhat.java-1.54.0-win32-x64\jre\21.0.10-win32-x86_64\bin\nio.dll
Event: 0.221 Loaded shared library C:\Users\Yash_Savalkar\.antigravity\extensions\redhat.java-1.54.0-win32-x64\jre\21.0.10-win32-x86_64\bin\zip.dll
Event: 0.252 Loaded shared library C:\Users\Yash_Savalkar\.antigravity\extensions\redhat.java-1.54.0-win32-x64\jre\21.0.10-win32-x86_64\bin\jimage.dll
Event: 0.380 Loaded shared library c:\Users\Yash_Savalkar\.antigravity\extensions\redhat.java-1.54.0-win32-x64\jre\21.0.10-win32-x86_64\bin\verify.dll

Deoptimization events (20 events):
Event: 2.456 Thread 0x000001d9aa900a50 Uncommon trap: trap_request=0xffffffc6 fr.pc=0x000001d9b56754a0 relative=0x0000000000000680
Event: 2.456 Thread 0x000001d9aa900a50 Uncommon trap: reason=bimorphic_or_optimized_type_check action=maybe_recompile pc=0x000001d9b56754a0 method=java.util.Collections$UnmodifiableCollection$1.<init>(Ljava/util/Collections$UnmodifiableCollection;)V @ 17 c2
Event: 2.456 Thread 0x000001d9aa900a50 DEOPT PACKING pc=0x000001d9b56754a0 sp=0x0000003fe21fe750
Event: 2.456 Thread 0x000001d9aa900a50 DEOPT UNPACKING pc=0x000001d9b5083aa2 sp=0x0000003fe21fe698 mode 2
Event: 2.460 Thread 0x000001d9aa900a50 DEOPT PACKING pc=0x000001d9adc0430b sp=0x0000003fe21fc990
Event: 2.460 Thread 0x000001d9aa900a50 DEOPT UNPACKING pc=0x000001d9b5084242 sp=0x0000003fe21fbe08 mode 0
Event: 2.462 Thread 0x000001d9aa900a50 DEOPT PACKING pc=0x000001d9adc7a388 sp=0x0000003fe21fc590
Event: 2.462 Thread 0x000001d9aa900a50 DEOPT UNPACKING pc=0x000001d9b5084242 sp=0x0000003fe21fba10 mode 0
Event: 2.462 Thread 0x000001d9aa900a50 DEOPT PACKING pc=0x000001d9adbff806 sp=0x0000003fe21fc450
Event: 2.462 Thread 0x000001d9aa900a50 DEOPT UNPACKING pc=0x000001d9b5084242 sp=0x0000003fe21fb8d0 mode 0
Event: 2.464 Thread 0x000001d9aa900a50 DEOPT PACKING pc=0x000001d9adc7a388 sp=0x0000003fe21fc8a0
Event: 2.464 Thread 0x000001d9aa900a50 DEOPT UNPACKING pc=0x000001d9b5084242 sp=0x0000003fe21fbd20 mode 0
Event: 2.466 Thread 0x000001d9aa900a50 DEOPT PACKING pc=0x000001d9adbff806 sp=0x0000003fe21fc6a0
Event: 2.466 Thread 0x000001d9aa900a50 DEOPT UNPACKING pc=0x000001d9b5084242 sp=0x0000003fe21fbb20 mode 0
Event: 2.466 Thread 0x000001d9aa900a50 DEOPT PACKING pc=0x000001d9adc7a388 sp=0x0000003fe21fc7f0
Event: 2.466 Thread 0x000001d9aa900a50 DEOPT UNPACKING pc=0x000001d9b5084242 sp=0x0000003fe21fbc70 mode 0
Event: 2.468 Thread 0x000001d9aa900a50 DEOPT PACKING pc=0x000001d9adc7a388 sp=0x0000003fe21fcaf0
Event: 2.468 Thread 0x000001d9aa900a50 DEOPT UNPACKING pc=0x000001d9b5084242 sp=0x0000003fe21fbf70 mode 0
Event: 2.921 Thread 0x000001d9aa900a50 DEOPT PACKING pc=0x000001d9adc36b39 sp=0x0000003fe21fe990
Event: 2.921 Thread 0x000001d9aa900a50 DEOPT UNPACKING pc=0x000001d9b5084242 sp=0x0000003fe21fde90 mode 0

Classes loaded (20 events):
Event: 2.448 Loading class java/security/KeyStoreException
Event: 2.449 Loading class java/security/KeyStoreException done
Event: 2.498 Loading class java/util/LinkedList$Node
Event: 2.499 Loading class java/util/LinkedList$Node done
Event: 2.499 Loading class java/util/LinkedList$ListItr
Event: 2.499 Loading class java/util/LinkedList$ListItr done
Event: 2.501 Loading class java/lang/Thread$Builder$OfPlatform
Event: 2.501 Loading class java/lang/Thread$Builder
Event: 2.501 Loading class java/lang/Thread$Builder done
Event: 2.501 Loading class java/lang/Thread$Builder$OfPlatform done
Event: 2.501 Loading class java/lang/Thread$Builder$OfVirtual
Event: 2.502 Loading class java/lang/Thread$Builder$OfVirtual done
Event: 2.521 Loading class sun/nio/fs/WindowsChannelFactory
Event: 2.521 Loading class sun/nio/fs/WindowsChannelFactory done
Event: 2.521 Loading class sun/nio/fs/WindowsChannelFactory$1
Event: 2.521 Loading class sun/nio/fs/WindowsChannelFactory$1 done
Event: 2.521 Loading class sun/nio/fs/WindowsChannelFactory$Flags
Event: 2.522 Loading class sun/nio/fs/WindowsChannelFactory$Flags done
Event: 2.522 Loading class sun/nio/ch/FileChannelImpl$Closer
Event: 2.522 Loading class sun/nio/ch/FileChannelImpl$Closer done

Classes unloaded (0 events):
No events

Classes redefined (0 events):
No events

Internal exceptions (20 events):
Event: 1.012 Thread 0x000001d9aa900a50 Exception <a 'java/lang/NoSuchMethodError'{0x00000000d6609708}: 'java.lang.Object java.lang.invoke.DirectMethodHandle$Holder.invokeInterface(java.lang.Object, java.lang.Object, int)'> (0x00000000d6609708) 
thrown [s\src\hotspot\share\interpreter\linkResolver.cpp, line 773]
Event: 1.205 Thread 0x000001d9aa900a50 Exception <a 'java/lang/NoSuchMethodError'{0x00000000d6a71890}: 'java.lang.ClassLoader java.lang.ClassLoader.getPlatformClassLoader(java.lang.Class)'> (0x00000000d6a71890) 
thrown [s\src\hotspot\share\interpreter\linkResolver.cpp, line 773]
Event: 1.320 Thread 0x000001d9aa900a50 Exception <a 'java/lang/ClassNotFoundException'{0x00000000d5593f50}: sun/net/www/protocol/c/Handler> (0x00000000d5593f50) 
thrown [s\src\hotspot\share\classfile\systemDictionary.cpp, line 312]
Event: 1.320 Thread 0x000001d9aa900a50 Exception <a 'java/lang/ClassNotFoundException'{0x00000000d5595318}: sun/net/www/protocol/d/Handler> (0x00000000d5595318) 
thrown [s\src\hotspot\share\classfile\systemDictionary.cpp, line 312]
Event: 1.320 Thread 0x000001d9aa900a50 Exception <a 'java/lang/ClassNotFoundException'{0x00000000d5596500}: sun/net/www/protocol/c/Handler> (0x00000000d5596500) 
thrown [s\src\hotspot\share\classfile\systemDictionary.cpp, line 312]
Event: 1.339 Thread 0x000001d9aa900a50 Exception <a 'java/io/FileNotFoundException'{0x00000000d55c8a58}> (0x00000000d55c8a58) 
thrown [s\src\hotspot\share\prims\jni.cpp, line 520]
Event: 1.400 Thread 0x000001d9aa900a50 Implicit null exception at 0x000001d9b5627129 to 0x000001d9b562799c
Event: 1.401 Thread 0x000001d9aa900a50 Implicit null exception at 0x000001d9b563651a to 0x000001d9b5636720
Event: 1.402 Thread 0x000001d9aa900a50 Exception <a 'java/lang/NoSuchMethodError'{0x00000000d573ba68}: 'void java.lang.invoke.DirectMethodHandle$Holder.invokeStatic(java.lang.Object, java.lang.Object, java.lang.Object, java.lang.Object)'> (0x00000000d573ba68) 
thrown [s\src\hotspot\share\interpreter\linkResolver.cpp, line 773]
Event: 1.405 Thread 0x000001d9aa900a50 Implicit null exception at 0x000001d9b5634c1a to 0x000001d9b5634e24
Event: 1.405 Thread 0x000001d9aa900a50 Implicit null exception at 0x000001d9b562a0bd to 0x000001d9b562a141
Event: 1.576 Thread 0x000001d9aa900a50 Exception <a 'java/lang/NoSuchMethodError'{0x00000000d59e8e48}: 'void java.lang.invoke.DirectMethodHandle$Holder.invokeSpecial(java.lang.Object, java.lang.Object, java.lang.Object)'> (0x00000000d59e8e48) 
thrown [s\src\hotspot\share\interpreter\linkResolver.cpp, line 773]
Event: 2.103 Thread 0x000001d9aa900a50 Exception <a 'java/lang/NoSuchMethodError'{0x00000000d6477f38}: 'int java.lang.invoke.DirectMethodHandle$Holder.invokeVirtual(java.lang.Object, java.lang.Object)'> (0x00000000d6477f38) 
thrown [s\src\hotspot\share\interpreter\linkResolver.cpp, line 773]
Event: 2.228 Thread 0x000001d9aa900a50 Exception <a 'java/lang/NoSuchMethodError'{0x00000000d6601368}: 'int java.lang.invoke.DirectMethodHandle$Holder.invokeStaticInit(java.lang.Object, java.lang.Object, java.lang.Object, java.lang.Object)'> (0x00000000d6601368) 
thrown [s\src\hotspot\share\interpreter\linkResolver.cpp, line 773]
Event: 2.230 Thread 0x000001d9aa900a50 Exception <a 'java/lang/IncompatibleClassChangeError'{0x00000000d6609770}: Found class java.lang.Object, but interface was expected> (0x00000000d6609770) 
thrown [s\src\hotspot\share\interpreter\linkResolver.cpp, line 840]
Event: 2.231 Thread 0x000001d9aa900a50 Exception <a 'java/lang/NoSuchMethodError'{0x00000000d6610640}: 'void java.lang.invoke.DirectMethodHandle$Holder.invokeStaticInit(java.lang.Object, java.lang.Object)'> (0x00000000d6610640) 
thrown [s\src\hotspot\share\interpreter\linkResolver.cpp, line 773]
Event: 2.232 Thread 0x000001d9aa900a50 Exception <a 'java/lang/NoSuchMethodError'{0x00000000d661a5d8}: 'int java.lang.invoke.DirectMethodHandle$Holder.invokeStaticInit(java.lang.Object, java.lang.Object)'> (0x00000000d661a5d8) 
thrown [s\src\hotspot\share\interpreter\linkResolver.cpp, line 773]
Event: 2.321 Thread 0x000001d9aa900a50 Exception <a 'java/lang/NoSuchMethodError'{0x00000000d688d300}: 'java.lang.Object java.lang.invoke.DirectMethodHandle$Holder.newInvokeSpecial(java.lang.Object, int, java.lang.Object)'> (0x00000000d688d300) 
thrown [s\src\hotspot\share\interpreter\linkResolver.cpp, line 773]
Event: 2.401 Thread 0x000001d9aa900a50 Exception <a 'java/lang/ClassNotFoundException'{0x00000000d6ac1510}: sun/net/www/protocol/plurl/Handler> (0x00000000d6ac1510) 
thrown [s\src\hotspot\share\classfile\systemDictionary.cpp, line 312]
Event: 2.402 Thread 0x000001d9aa900a50 Exception <a 'java/lang/ClassNotFoundException'{0x00000000d6ac2390}: sun/net/www/protocol/plurl/Handler> (0x00000000d6ac2390) 
thrown [s\src\hotspot\share\classfile\systemDictionary.cpp, line 312]

ZGC Phase Switch (0 events):
No events

VM Operations (20 events):
Event: 0.811 Executing non-safepoint VM operation: HandshakeAllThreads (Deoptimize)
Event: 0.811 Executing non-safepoint VM operation: HandshakeAllThreads (Deoptimize) done
Event: 0.844 Executing non-safepoint VM operation: HandshakeAllThreads (Deoptimize)
Event: 0.844 Executing non-safepoint VM operation: HandshakeAllThreads (Deoptimize) done
Event: 1.264 Executing safepoint VM operation: ICBufferFull
Event: 1.264 Executing safepoint VM operation: ICBufferFull done
Event: 1.283 Executing non-safepoint VM operation: HandshakeAllThreads (Deoptimize)
Event: 1.283 Executing non-safepoint VM operation: HandshakeAllThreads (Deoptimize) done
Event: 1.303 Executing safepoint VM operation: ParallelGCFailedAllocation (Allocation Failure)
Event: 1.313 Executing safepoint VM operation: ParallelGCFailedAllocation (Allocation Failure) done
Event: 2.284 Executing non-safepoint VM operation: HandshakeAllThreads (Deoptimize)
Event: 2.284 Executing non-safepoint VM operation: HandshakeAllThreads (Deoptimize) done
Event: 2.301 Executing non-safepoint VM operation: HandshakeAllThreads (Deoptimize)
Event: 2.301 Executing non-safepoint VM operation: HandshakeAllThreads (Deoptimize) done
Event: 2.369 Executing non-safepoint VM operation: HandshakeAllThreads (Deoptimize)
Event: 2.369 Executing non-safepoint VM operation: HandshakeAllThreads (Deoptimize) done
Event: 2.369 Executing safepoint VM operation: Cleanup
Event: 2.370 Executing safepoint VM operation: Cleanup done
Event: 2.391 Executing non-safepoint VM operation: HandshakeAllThreads (Deoptimize)
Event: 2.391 Executing non-safepoint VM operation: HandshakeAllThreads (Deoptimize) done

Memory protections (0 events):
No events

Nmethod flushes (0 events):
No events

Events (16 events):
Event: 0.044 Thread 0x000001d9aa900a50 Thread added: 0x000001d9aa900a50
Event: 0.070 Thread 0x000001d9aa900a50 Thread added: 0x000001d9aa8ae890
Event: 0.070 Thread 0x000001d9aa900a50 Thread added: 0x000001d9aa9a5cc0
Event: 0.070 Thread 0x000001d9aa900a50 Thread added: 0x000001d9aa9a91e0
Event: 0.070 Thread 0x000001d9aa900a50 Thread added: 0x000001d9aa9aa0d0
Event: 0.070 Thread 0x000001d9aa900a50 Thread added: 0x000001d9aa9aab30
Event: 0.071 Thread 0x000001d9aa900a50 Thread added: 0x000001d9aa9ab590
Event: 0.071 Thread 0x000001d9aa900a50 Thread added: 0x000001d9aa9ae7e0
Event: 0.072 Thread 0x000001d9aa900a50 Thread added: 0x000001d9aa9b9c80
Event: 0.204 Thread 0x000001d9aa900a50 Thread added: 0x000001da03872cf0
Event: 0.375 Thread 0x000001d9aa9b9c80 Thread added: 0x000001da038e1d80
Event: 0.539 Thread 0x000001d9aa900a50 Thread added: 0x000001da038dd2f0
Event: 0.831 Thread 0x000001d9aa9b9c80 Thread added: 0x000001da04b15880
Event: 0.980 Thread 0x000001da04b15880 Thread exited: 0x000001da04b15880
Event: 2.264 Thread 0x000001d9aa900a50 Thread added: 0x000001da04e0fcf0
Event: 2.919 Thread 0x000001da038e1d80 Thread exited: 0x000001da038e1d80


Dynamic libraries:
0x00007ff6057e0000 - 0x00007ff6057ee000 	c:\Users\Yash_Savalkar\.antigravity\extensions\redhat.java-1.54.0-win32-x64\jre\21.0.10-win32-x86_64\bin\java.exe
0x00007ffb26060000 - 0x00007ffb262c7000 	C:\WINDOWS\SYSTEM32\ntdll.dll
0x00007ffb24960000 - 0x00007ffb24a29000 	C:\WINDOWS\System32\KERNEL32.DLL
0x00007ffb22c60000 - 0x00007ffb23054000 	C:\WINDOWS\System32\KERNELBASE.dll
0x00007ffb23060000 - 0x00007ffb231ab000 	C:\WINDOWS\System32\ucrtbase.dll
0x00007ffb06120000 - 0x00007ffb06138000 	c:\Users\Yash_Savalkar\.antigravity\extensions\redhat.java-1.54.0-win32-x64\jre\21.0.10-win32-x86_64\bin\jli.dll
0x00007ffb25110000 - 0x00007ffb252d5000 	C:\WINDOWS\System32\USER32.dll
0x00007ffb231b0000 - 0x00007ffb231d7000 	C:\WINDOWS\System32\win32u.dll
0x00007ffb25540000 - 0x00007ffb2556b000 	C:\WINDOWS\System32\GDI32.dll
0x00007ffb22b30000 - 0x00007ffb22c5b000 	C:\WINDOWS\System32\gdi32full.dll
0x00007ffb22930000 - 0x00007ffb229d3000 	C:\WINDOWS\System32\msvcp_win.dll
0x00007ffaffaf0000 - 0x00007ffaffb0e000 	c:\Users\Yash_Savalkar\.antigravity\extensions\redhat.java-1.54.0-win32-x64\jre\21.0.10-win32-x86_64\bin\VCRUNTIME140.dll
0x00007ffb006d0000 - 0x00007ffb00963000 	C:\WINDOWS\WinSxS\amd64_microsoft.windows.common-controls_6595b64144ccf1df_6.0.26100.8115_none_3e075c82e3354f9c\COMCTL32.dll
0x00007ffb24a50000 - 0x00007ffb24af9000 	C:\WINDOWS\System32\msvcrt.dll
0x00007ffb24880000 - 0x00007ffb248b2000 	C:\WINDOWS\System32\IMM32.DLL
0x00007ffb11e90000 - 0x00007ffb11e9c000 	c:\Users\Yash_Savalkar\.antigravity\extensions\redhat.java-1.54.0-win32-x64\jre\21.0.10-win32-x86_64\bin\vcruntime140_1.dll
0x00007ffa7ab30000 - 0x00007ffa7abbd000 	c:\Users\Yash_Savalkar\.antigravity\extensions\redhat.java-1.54.0-win32-x64\jre\21.0.10-win32-x86_64\bin\msvcp140.dll
0x00007ffa47f60000 - 0x00007ffa48d01000 	c:\Users\Yash_Savalkar\.antigravity\extensions\redhat.java-1.54.0-win32-x64\jre\21.0.10-win32-x86_64\bin\server\jvm.dll
0x00007ffb252e0000 - 0x00007ffb25396000 	C:\WINDOWS\System32\ADVAPI32.dll
0x00007ffb25570000 - 0x00007ffb25617000 	C:\WINDOWS\System32\sechost.dll
0x00007ffb24b10000 - 0x00007ffb24c28000 	C:\WINDOWS\System32\RPCRT4.dll
0x00007ffb24e10000 - 0x00007ffb24e90000 	C:\WINDOWS\System32\WS2_32.dll
0x00007ffb227b0000 - 0x00007ffb2280e000 	C:\WINDOWS\SYSTEM32\POWRPROF.dll
0x00007ffb13ff0000 - 0x00007ffb14026000 	C:\WINDOWS\SYSTEM32\WINMM.dll
0x00007ffb1b260000 - 0x00007ffb1b26b000 	C:\WINDOWS\SYSTEM32\VERSION.dll
0x00007ffb22790000 - 0x00007ffb227a4000 	C:\WINDOWS\SYSTEM32\UMPDC.dll
0x00007ffb216c0000 - 0x00007ffb216db000 	C:\WINDOWS\SYSTEM32\kernel.appcore.dll
0x00007ffaff670000 - 0x00007ffaff67a000 	c:\Users\Yash_Savalkar\.antigravity\extensions\redhat.java-1.54.0-win32-x64\jre\21.0.10-win32-x86_64\bin\jimage.dll
0x00007ffb183e0000 - 0x00007ffb18622000 	C:\WINDOWS\SYSTEM32\DBGHELP.DLL
0x00007ffb23e70000 - 0x00007ffb241f2000 	C:\WINDOWS\System32\combase.dll
0x00007ffb25de0000 - 0x00007ffb25eb8000 	C:\WINDOWS\System32\OLEAUT32.dll
0x00007ffb10cd0000 - 0x00007ffb10d0b000 	C:\WINDOWS\SYSTEM32\dbgcore.DLL
0x00007ffb23d40000 - 0x00007ffb23de5000 	C:\WINDOWS\System32\bcryptPrimitives.dll
0x00007ffaff660000 - 0x00007ffaff66f000 	c:\Users\Yash_Savalkar\.antigravity\extensions\redhat.java-1.54.0-win32-x64\jre\21.0.10-win32-x86_64\bin\instrument.dll
0x00007ffae37a0000 - 0x00007ffae37c0000 	c:\Users\Yash_Savalkar\.antigravity\extensions\redhat.java-1.54.0-win32-x64\jre\21.0.10-win32-x86_64\bin\java.dll
0x00007ffb25620000 - 0x00007ffb25d87000 	C:\WINDOWS\System32\SHELL32.dll
0x00007ffb231e0000 - 0x00007ffb2334a000 	C:\WINDOWS\System32\wintypes.dll
0x00007ffb234d0000 - 0x00007ffb23d38000 	C:\WINDOWS\System32\windows.storage.dll
0x00007ffb24230000 - 0x00007ffb24328000 	C:\WINDOWS\System32\SHCORE.dll
0x00007ffb250a0000 - 0x00007ffb25106000 	C:\WINDOWS\System32\shlwapi.dll
0x00007ffb22850000 - 0x00007ffb22879000 	C:\WINDOWS\SYSTEM32\profapi.dll
0x00007ffae3780000 - 0x00007ffae3798000 	c:\Users\Yash_Savalkar\.antigravity\extensions\redhat.java-1.54.0-win32-x64\jre\21.0.10-win32-x86_64\bin\zip.dll
0x00007ffaf28b0000 - 0x00007ffaf28c0000 	C:\Users\Yash_Savalkar\.antigravity\extensions\redhat.java-1.54.0-win32-x64\jre\21.0.10-win32-x86_64\bin\net.dll
0x00007ffb1d750000 - 0x00007ffb1d87d000 	C:\WINDOWS\SYSTEM32\WINHTTP.dll
0x00007ffb21c30000 - 0x00007ffb21c9c000 	C:\WINDOWS\system32\mswsock.dll
0x00007ffad2e10000 - 0x00007ffad2e26000 	C:\Users\Yash_Savalkar\.antigravity\extensions\redhat.java-1.54.0-win32-x64\jre\21.0.10-win32-x86_64\bin\nio.dll
0x00007ffaed770000 - 0x00007ffaed780000 	c:\Users\Yash_Savalkar\.antigravity\extensions\redhat.java-1.54.0-win32-x64\jre\21.0.10-win32-x86_64\bin\verify.dll

JVMTI agents:
c:\Users\Yash_Savalkar\.antigravity\extensions\redhat.java-1.54.0-win32-x64\lombok\lombok-1.18.39-4050.jar path:c:\Users\Yash_Savalkar\.antigravity\extensions\redhat.java-1.54.0-win32-x64\jre\21.0.10-win32-x86_64\bin\instrument.dll, loaded, initialized, instrumentlib options:none

dbghelp: loaded successfully - version: 4.0.5 - missing functions: none
symbol engine: initialized successfully - sym options: 0x614 - pdb path: .;c:\Users\Yash_Savalkar\.antigravity\extensions\redhat.java-1.54.0-win32-x64\jre\21.0.10-win32-x86_64\bin;C:\WINDOWS\SYSTEM32;C:\WINDOWS\WinSxS\amd64_microsoft.windows.common-controls_6595b64144ccf1df_6.0.26100.8115_none_3e075c82e3354f9c;c:\Users\Yash_Savalkar\.antigravity\extensions\redhat.java-1.54.0-win32-x64\jre\21.0.10-win32-x86_64\bin\server

VM Arguments:
jvm_args: --add-modules=ALL-SYSTEM --add-opens=java.base/java.util=ALL-UNNAMED --add-opens=java.base/java.lang=ALL-UNNAMED --add-opens=java.base/sun.nio.fs=ALL-UNNAMED -Declipse.application=org.eclipse.jdt.ls.core.id1 -Dosgi.bundles.defaultStartLevel=4 -Declipse.product=org.eclipse.jdt.ls.core.product -Djava.import.generatesMetadataFilesAtProjectRoot=false -DDetectVMInstallationsJob.disabled=true -Dfile.encoding=utf8 -XX:+UseParallelGC -XX:GCTimeRatio=4 -XX:AdaptiveSizePolicyWeight=90 -Dsun.zip.disableMemoryMapping=true -Xmx2G -Xms100m -Xlog:disable -javaagent:c:\Users\Yash_Savalkar\.antigravity\extensions\redhat.java-1.54.0-win32-x64\lombok\lombok-1.18.39-4050.jar -XX:+HeapDumpOnOutOfMemoryError -XX:HeapDumpPath=c:\Users\Yash_Savalkar\AppData\Roaming\Antigravity\User\workspaceStorage\dbd9d6752ff466593a87a083629a4dc6\redhat.java -Daether.dependencyCollector.impl=bf 
java_command: c:\Users\Yash_Savalkar\.antigravity\extensions\redhat.java-1.54.0-win32-x64\server\plugins\org.eclipse.equinox.launcher_1.7.100.v20251111-0406.jar -configuration c:\Users\Yash_Savalkar\AppData\Roaming\Antigravity\User\globalStorage\redhat.java\1.54.0\config_win -data c:\Users\Yash_Savalkar\AppData\Roaming\Antigravity\User\workspaceStorage\dbd9d6752ff466593a87a083629a4dc6\redhat.java\jdt_ws --pipe=\\.\pipe\lsp-86ac258a2486edecf7eb5bbbf12798bb-sock
java_class_path (initial): c:\Users\Yash_Savalkar\.antigravity\extensions\redhat.java-1.54.0-win32-x64\server\plugins\org.eclipse.equinox.launcher_1.7.100.v20251111-0406.jar
Launcher Type: SUN_STANDARD

[Global flags]
    uintx AdaptiveSizePolicyWeight                 = 90                                        {product} {command line}
     intx CICompilerCount                          = 4                                         {product} {ergonomic}
    uintx GCTimeRatio                              = 4                                         {product} {command line}
     bool HeapDumpOnOutOfMemoryError               = true                                   {manageable} {command line}
    ccstr HeapDumpPath                             = c:\Users\Yash_Savalkar\AppData\Roaming\Antigravity\User\workspaceStorage\dbd9d6752ff466593a87a083629a4dc6\redhat.java         {manageable} {command line}
   size_t InitialHeapSize                          = 104857600                                 {product} {command line}
   size_t MaxHeapSize                              = 2147483648                                {product} {command line}
   size_t MaxNewSize                               = 715653120                                 {product} {ergonomic}
   size_t MinHeapDeltaBytes                        = 524288                                    {product} {ergonomic}
   size_t MinHeapSize                              = 104857600                                 {product} {command line}
   size_t NewSize                                  = 34603008                                  {product} {ergonomic}
    uintx NonNMethodCodeHeapSize                   = 5839372                                {pd product} {ergonomic}
    uintx NonProfiledCodeHeapSize                  = 122909434                              {pd product} {ergonomic}
   size_t OldSize                                  = 70254592                                  {product} {ergonomic}
     bool PerfDisableSharedMem                     = true                                      {product} {ergonomic}
    uintx ProfiledCodeHeapSize                     = 122909434                              {pd product} {ergonomic}
    uintx ReservedCodeCacheSize                    = 251658240                              {pd product} {ergonomic}
     bool SegmentedCodeCache                       = true                                      {product} {ergonomic}
   size_t SoftMaxHeapSize                          = 2147483648                             {manageable} {ergonomic}
     bool UseCompressedOops                        = true                           {product lp64_product} {ergonomic}
     bool UseLargePagesIndividualAllocation        = false                                  {pd product} {ergonomic}
     bool UseParallelGC                            = true                                      {product} {command line}

Logging:
Log output configuration:
 #0: stdout all=off uptime,level,tags foldmultilines=false
 #1: stderr all=off uptime,level,tags foldmultilines=false

Release file:
JAVA_VERSION="21.0.10" 
MODULES="java.base java.compiler java.datatransfer java.xml java.prefs java.desktop java.instrument java.logging java.management java.security.sasl java.naming java.rmi java.management.rmi java.net.http java.scripting java.security.jgss java.transaction.xa java.sql java.sql.rowset java.xml.crypto java.se java.smartcardio jdk.accessibility jdk.internal.jvmstat jdk.attach jdk.charsets jdk.internal.opt jdk.zipfs jdk.compiler jdk.crypto.ec jdk.crypto.cryptoki jdk.crypto.mscapi jdk.dynalink jdk.internal.ed jdk.editpad jdk.hotspot.agent jdk.httpserver jdk.internal.le jdk.internal.vm.ci jdk.internal.vm.compiler jdk.internal.vm.compiler.management jdk.jartool jdk.javadoc jdk.jcmd jdk.management jdk.management.agent jdk.jconsole jdk.jdeps jdk.jdwp.agent jdk.jdi jdk.jfr jdk.jshell jdk.jsobject jdk.jstatd jdk.localedata jdk.management.jfr jdk.naming.dns jdk.naming.rmi jdk.net jdk.nio.mapmode jdk.random jdk.sctp jdk.security.auth jdk.security.jgss jdk.unsupported jdk.unsupported.desktop jdk.xml.dom" 

Environment Variables:
JAVA_HOME=C:\Program Files\Microsoft\jdk-17.0.13.11-hotspot
PATH=C:\Program Files\Microsoft\jdk-17.0.13.11-hotspot\bin;C:\oraclexe\app\oracle\product\11.2.0\server\bin;C:\Program Files\Eclipse Adoptium\jdk-17.0.12.7-hotspot\bin;C:\windows\system32;C:\windows;C:\windows\System32\Wbem;C:\windows\System32\WindowsPowerShell\v1.0\;C:\windows\System32\OpenSSH\;C:\Program Files (x86)\NVIDIA Corporation\PhysX\Common;C:\Program Files\NVIDIA Corporation\NVIDIA NvDLISR;C:\Users\Administrator\AppData\Local\Microsoft\WindowsApps;C:\Program Files\HP\OMEN-Broadcast\Common;C:\MinGW\bin;C:\Program Files\MySQL\MySQL Server 8.0\bin;C:\ProgramData\chocolatey\bin;C:\Program Files\nodejs\;C:\Users\Yash_Savalkar\AppData\Local\Android\Sdk\platforms;C:\Users\Yash_Savalkar\AppData\Local\Android\Sdk\platform-tools;C:\Users\Yash_Savalkar\AppData\Local\Android\Sdk\build-tools;C:\Users\Yash_Savalkar\AppData\Local\Android\Sdk\emulator;C:\Program Files\Git\cmd;C:\Program Files\Git\mingw64\bin;C:\Program Files\Git\usr\bin;C:\WINDOWS\system32;C:\WINDOWS;C:\WINDOWS\System32\Wbem;C:\WINDOWS\System32\WindowsPowerShell\v1.0\;C:\WINDOWS\System32\OpenSSH\;C:\Program Files\Go\bin;C:\Program Files\MySQL\MySQL Server 8.0\bin;C:\Program Files\Docker\Docker\resources\bin;C:\Program Files\PostgreSQL\18\bin;C:\Program Files\PuTTY\;C:\cassandra\apache-cassandra-5.0.8\bin;C:\Program Files\MySQL\MySQL Shell 8.0\bin\;C:\Users\Yash_Savalkar\AppData\Local\Microsoft\WindowsApps;C:\Users\Yash_Savalkar\AppData\Local\Programs\Microsoft VS Code\bin;C:\Users\Yash_Savalkar\AppData\Local\Programs\mongosh\;C:\Program Files (x86)\MongoDB Atlas CLI\;C:\Users\Yash_Savalkar\AppData\Roaming\npm;C:\Users\Yash_Savalkar\AppData\Local\Android\Sdk\platform-tools;C:\Users\Yash_Savalkar\AppData\Local\Android\Sdk\build-tools;C:\Users\Yash_Savalkar\AppData\Local\Android\Sdk\emulator;C:\Users\Yash_Savalkar\AppData\Local\Android\Sdk\platforms;C:\Users\Yash_Savalkar\go\bin;C:\Users\Yash_Savalkar\AppData\Local\Programs\Antigravity\bin;C:\Users\Yash_Savalkar\AppData\Local\Programs\Kiro\bin;D:\flutter\bin;C:\Users\Yash Savalkar\AppData\Local\Programs\Microsoft VS Code\bin;C:\Users\Yash_Savalkar\Downloads\apache-cassandra-4.1.11-bin\apache-cassandra-4.1.11\bin;
USERNAME=Yash_Savalkar
OS=Windows_NT
PROCESSOR_IDENTIFIER=AMD64 Family 25 Model 68 Stepping 1, AuthenticAMD
TMP=C:\Users\YASH_S~1\AppData\Local\Temp
TEMP=C:\Users\YASH_S~1\AppData\Local\Temp




Periodic native trim disabled

---------------  S Y S T E M  ---------------

OS:
 Windows 11 , 64 bit Build 26100 (10.0.26100.8246)
OS uptime: 0 days 22:06 hours
Hyper-V role detected

CPU: total 12 (initial active 12) (12 cores per cpu, 2 threads per core) family 25 model 68 stepping 1 microcode 0xa404107, cx8, cmov, fxsr, ht, mmx, 3dnowpref, sse, sse2, sse3, ssse3, sse4a, sse4.1, sse4.2, popcnt, lzcnt, tsc, tscinvbit, avx, avx2, aes, erms, clmul, bmi1, bmi2, adx, sha, fma, vzeroupper, clflush, clflushopt, hv, rdtscp, rdpid, fsrm, f16c, cet_ss
Processor Information for the first 12 processors :
  Max Mhz: 3301, Current Mhz: 2496, Mhz Limit: 3301

Memory: 4k page, system-wide physical 7381M (429M free)
TotalPageFile size 18168M (AvailPageFile size 12M)
current process WorkingSet (physical memory assigned to process): 91M, peak: 92M
current process commit charge ("private bytes"): 247M, peak: 248M

vm_info: OpenJDK 64-Bit Server VM (21.0.10+7-LTS) for windows-amd64 JRE (21.0.10+7-LTS), built on 2026-01-20T00:00:00Z by "admin" with MS VC++ 17.12 (VS2022)

END.
